C:\Users\huynh\AppData\Local\Programs\Python\Python312\Lib\site-packages\torch\cuda\__init__.py:56: FutureWarning: The pynvml package is deprecated. Please install nvidia-ml-py instead. If you did not install pynvml directly, please report this to the maintainers of the package that installed pynvml for you.
  import pynvml  # type: ignore[import]
22:16:22 Scenario: region_territory_a0.5
22:16:40 prev: 1413701 nodes
22:16:49 installment: 11591592 nodes
22:16:55 pos: 8543375 nodes
22:17:01 cc: 3227965 nodes
22:17:01 customer: 307511 nodes | bureau: 1465325 nodes
22:17:04 Created 5778 placeholder prev nodes
22:17:05 client 0: {'customer': 34805, 'bureau': 173508, 'prev': 171598, 'installment': 1360270, 'pos': 1025609, 'cc': 381274}
22:17:05 Created 2475 placeholder prev nodes
22:17:06 client 1: {'customer': 25860, 'bureau': 127403, 'prev': 115265, 'installment': 874191, 'pos': 669920, 'cc': 218836}
22:17:06 Created 842 placeholder prev nodes
22:17:06 client 2: {'customer': 9866, 'bureau': 45691, 'prev': 49182, 'installment': 371397, 'pos': 289187, 'cc': 85203}
22:17:07 Created 12239 placeholder prev nodes
22:17:10 client 3: {'customer': 91159, 'bureau': 419217, 'prev': 433564, 'installment': 3489530, 'pos': 2580573, 'cc': 965464}
22:17:11 Created 18560 placeholder prev nodes
22:17:17 client 4: {'customer': 145821, 'bureau': 699506, 'prev': 683986, 'installment': 5496204, 'pos': 3978086, 'cc': 1577188}
22:17:19 encoder customer    -> 313 features (shared by all clients)
22:17:22 encoder bureau      -> 64 features (shared by all clients)
22:17:28 encoder prev        -> 173 features (shared by all clients)
22:17:35 encoder installment -> 17 features (shared by all clients)
22:17:39 encoder pos         -> 12 features (shared by all clients)
22:17:45 encoder cc          -> 37 features (shared by all clients)
22:17:54 Client graph nodes:
   customer  bureau    prev  installment      pos       cc
0     34805  173508  171598      1360270  1025609   381274
1     25860  127403  115265       874191   669920   218836
2      9866   45691   49182       371397   289187    85203
3     91159  419217  433564      3489530  2580573   965464
4    145821  699506  683986      5496204  3978086  1577188
22:17:54 Orphans per client:
   installment_missing_prev  pos_missing_prev  cc_missing_prev  placeholders  cust_no_history
0                    118558             42317            99292          5778              222
1                     61941             17253            55077          2475              201
2                     16792              7019            14381           842               44
3                    321870             90330           269356         12239              665
4                    500210            134702           434866         18560             1068
