15:21:20 Scenario region_territory_a0.5
15:21:20 ROC-AUC theo client:
                       client 0 (n_test=5261)  client 1 (n_test=3785)  client 2 (n_test=1452)  client 3 (n_test=13726)  client 4 (n_test=21903)  client-avg   worst
Centralized LR                         0.7827                  0.7719                  0.7889                   0.7845                   0.7835      0.7829  0.7719
Centralized LightGBM                   0.7898                  0.7834                  0.7879                   0.7946                   0.7945      0.7928  0.7834
Centralized HeteroGNN                  0.7830                  0.7752                  0.7869                   0.7875                   0.7869      0.7856  0.7752
Local-only                             0.7491                  0.7463                  0.7701                   0.7718                   0.7733      0.7678  0.7463
FedAvg                                 0.7775                  0.7731                  0.7789                   0.7881                   0.7838      0.7833  0.7731
FedAvg + Fine-tune                     0.7731                  0.7752                  0.7789                   0.7881                   0.7838      0.7830  0.7731
FedProx                                0.7739                  0.7671                  0.7839                   0.7822                   0.7802      0.7791  0.7671
FedPer                                 0.7754                  0.7732                  0.7830                   0.7878                   0.7823      0.7824  0.7732
Ditto                                  0.7794                  0.7747                  0.7871                   0.7868                   0.7807      0.7821  0.7747
15:21:20 PR-AUC theo client:
                       client 0  client 1  client 2  client 3  client 4
Centralized LR           0.2605    0.2647    0.2783    0.2906    0.2771
Centralized LightGBM     0.2730    0.2922    0.3013    0.3059    0.2955
Centralized HeteroGNN    0.2610    0.2660    0.3087    0.2900    0.2845
Local-only               0.2094    0.2383    0.2520    0.2634    0.2609
FedAvg                   0.2598    0.2579    0.2972    0.2790    0.2822
FedAvg + Fine-tune       0.2592    0.2579    0.2972    0.2790    0.2822
FedProx                  0.2536    0.2412    0.2755    0.2790    0.2762
FedPer                   0.2481    0.2605    0.2830    0.2797    0.2780
Ditto                    0.2609    0.2531    0.2929    0.2814    0.2788
15:21:20 F1 theo client (threshold ch\u1ecdn trên Val):
                       client 0  client 1  client 2  client 3  client 4
Centralized LR           0.3264    0.3373    0.3551    0.3477    0.3319
Centralized LightGBM     0.3307    0.3756    0.3557    0.3641    0.3384
Centralized HeteroGNN    0.3116    0.3514    0.3443    0.3390    0.3377
Local-only               0.2866    0.3066    0.3160    0.3184    0.3192
FedAvg                   0.3184    0.3539    0.3561    0.3398    0.3348
FedAvg + Fine-tune       0.3275    0.3463    0.3561    0.3398    0.3348
FedProx                  0.3189    0.3383    0.3022    0.3369    0.3280
FedPer                   0.3149    0.3480    0.3383    0.3422    0.3267
Ditto                    0.3065    0.3429    0.3478    0.3410    0.3257
15:21:20 \u0394AUC [CI 95% paired bootstrap]:
                                                              client 0                    client 1                    client 2                    client 3                    client 4
FedAvg \u2212 Local-only                         +0.0284 [+0.0119, +0.0445]  +0.0269 [+0.0124, +0.0429]  +0.0088 [-0.0199, +0.0368]  +0.0163 [+0.0097, +0.0230]  +0.0105 [+0.0064, +0.0147]
FedAvg \u2212 Centralized HeteroGNN              -0.0054 [-0.0147, +0.0031]  -0.0020 [-0.0099, +0.0068]  -0.0080 [-0.0213, +0.0041]  +0.0006 [-0.0037, +0.0054]  -0.0030 [-0.0068, +0.0009]
Local-only \u2212 Centralized HeteroGNN          -0.0338 [-0.0490, -0.0172]  -0.0289 [-0.0427, -0.0135]  -0.0168 [-0.0485, +0.0130]  -0.0157 [-0.0222, -0.0091]  -0.0136 [-0.0184, -0.0088]
FedAvg + Fine-tune \u2212 FedAvg                 -0.0044 [-0.0095, +0.0005]  +0.0020 [-0.0037, +0.0075]  +0.0000 [+0.0000, +0.0000]  +0.0000 [+0.0000, +0.0000]  +0.0000 [+0.0000, +0.0000]
FedAvg + Fine-tune \u2212 Centralized HeteroGNN  -0.0098 [-0.0190, -0.0004]  +0.0000 [-0.0094, +0.0095]  -0.0080 [-0.0199, +0.0036]  +0.0006 [-0.0042, +0.0051]  -0.0030 [-0.0068, +0.0008]
FedProx \u2212 FedAvg                            -0.0036 [-0.0122, +0.0046]  -0.0061 [-0.0149, +0.0029]  +0.0050 [-0.0089, +0.0192]  -0.0059 [-0.0111, -0.0008]  -0.0036 [-0.0076, +0.0005]
FedProx \u2212 Centralized HeteroGNN             -0.0090 [-0.0193, +0.0011]  -0.0081 [-0.0187, +0.0021]  -0.0030 [-0.0197, +0.0118]  -0.0053 [-0.0109, +0.0005]  -0.0067 [-0.0114, -0.0024]
FedPer \u2212 FedAvg                             -0.0021 [-0.0077, +0.0036]  +0.0001 [-0.0057, +0.0054]  +0.0041 [-0.0054, +0.0131]  -0.0003 [-0.0035, +0.0029]  -0.0015 [-0.0042, +0.0014]
FedPer \u2212 Centralized HeteroGNN              -0.0075 [-0.0175, +0.0018]  -0.0019 [-0.0100, +0.0058]  -0.0038 [-0.0164, +0.0105]  +0.0003 [-0.0047, +0.0050]  -0.0045 [-0.0088, -0.0006]
Ditto \u2212 FedAvg                              +0.0019 [-0.0042, +0.0084]  +0.0016 [-0.0042, +0.0071]  +0.0082 [-0.0024, +0.0191]  -0.0013 [-0.0047, +0.0026]  -0.0031 [-0.0058, -0.0003]
Ditto \u2212 Centralized HeteroGNN               -0.0035 [-0.0124, +0.0064]  -0.0005 [-0.0083, +0.0078]  +0.0002 [-0.0123, +0.0138]  -0.0007 [-0.0056, +0.0039]  -0.0061 [-0.0101, -0.0019]
