C:\Users\huynh\AppData\Local\Programs\Python\Python312\Lib\site-packages\torch\cuda\__init__.py:56: FutureWarning: The pynvml package is deprecated. Please install nvidia-ml-py instead. If you did not install pynvml directly, please report this to the maintainers of the package that installed pynvml for you.
  import pynvml  # type: ignore[import]
20:41:19 client 0: train/val/test = 10754/2450/2310
20:41:28 client 1: train/val/test = 167762/35735/36053
20:41:29 client 2: train/val/test = 14797/3156/3080
20:41:29 client 3: train/val/test = 5262/1170/1194
20:41:30 client 4: train/val/test = 16682/3616/3490
20:41:30 === local ===
C:\Users\huynh\AppData\Local\Programs\Python\Python312\Lib\site-packages\torch_geometric\nn\conv\hetero_conv.py:76: UserWarning: There exist node types ({'bureau', 'prev'}) whose representations do not get updated during message passing as they do not occur as destination type in any edge type. This may lead to unexpected behavior.
  warnings.warn(
20:42:13 client 0 local-only | best epoch 5 | val AUC 0.77561 | 43s
C:\Users\huynh\AppData\Local\Programs\Python\Python312\Lib\site-packages\torch_geometric\nn\conv\hetero_conv.py:76: UserWarning: There exist node types ({'bureau', 'prev'}) whose representations do not get updated during message passing as they do not occur as destination type in any edge type. This may lead to unexpected behavior.
  warnings.warn(
20:51:03 client 1 local-only | best epoch 4 | val AUC 0.76582 | 530s
C:\Users\huynh\AppData\Local\Programs\Python\Python312\Lib\site-packages\torch_geometric\nn\conv\hetero_conv.py:76: UserWarning: There exist node types ({'bureau', 'prev'}) whose representations do not get updated during message passing as they do not occur as destination type in any edge type. This may lead to unexpected behavior.
  warnings.warn(
20:51:42 client 2 local-only | best epoch 5 | val AUC 0.75880 | 38s
C:\Users\huynh\AppData\Local\Programs\Python\Python312\Lib\site-packages\torch_geometric\nn\conv\hetero_conv.py:76: UserWarning: There exist node types ({'bureau', 'prev'}) whose representations do not get updated during message passing as they do not occur as destination type in any edge type. This may lead to unexpected behavior.
  warnings.warn(
20:51:57 client 3 local-only | best epoch 6 | val AUC 0.72549 | 16s
C:\Users\huynh\AppData\Local\Programs\Python\Python312\Lib\site-packages\torch_geometric\nn\conv\hetero_conv.py:76: UserWarning: There exist node types ({'bureau', 'prev'}) whose representations do not get updated during message passing as they do not occur as destination type in any edge type. This may lead to unexpected behavior.
  warnings.warn(
20:52:50 client 4 local-only | best epoch 3 | val AUC 0.77603 | 53s
20:53:05 local TEST pooled: AUC 0.8972 | PR-AUC 0.6666 | F1 0.5723 | client-avg AUC 0.7625 | worst 0.7074
20:53:05 === fedavg ===
C:\Users\huynh\AppData\Local\Programs\Python\Python312\Lib\site-packages\torch_geometric\nn\conv\hetero_conv.py:76: UserWarning: There exist node types ({'bureau', 'prev'}) whose representations do not get updated during message passing as they do not occur as destination type in any edge type. This may lead to unexpected behavior.
  warnings.warn(
20:54:22 round  1 | weighted val AUC 0.75276 | per-client [0.781, 0.7489, 0.7508, 0.7113, 0.787] | 77s
20:55:30 round  2 | weighted val AUC 0.76085 | per-client [0.7877, 0.7569, 0.7632, 0.7245, 0.7916] | 145s
20:56:41 round  3 | weighted val AUC 0.76707 | per-client [0.7944, 0.764, 0.7627, 0.7212, 0.7975] | 217s
20:57:50 round  4 | weighted val AUC 0.77026 | per-client [0.7976, 0.7663, 0.7687, 0.7302, 0.805] | 285s
20:59:00 round  5 | weighted val AUC 0.77201 | per-client [0.8031, 0.768, 0.7704, 0.7344, 0.8047] | 355s
21:00:08 round  6 | weighted val AUC 0.77004 | per-client [0.8013, 0.7656, 0.7649, 0.7345, 0.8087] | 424s
21:01:32 round  7 | weighted val AUC 0.77177 | per-client [0.8006, 0.7675, 0.7685, 0.736, 0.8087] | 507s
21:02:48 round  8 | weighted val AUC 0.76907 | per-client [0.807, 0.7634, 0.7695, 0.736, 0.8098] | 583s
21:04:03 round  9 | weighted val AUC 0.76970 | per-client [0.8044, 0.765, 0.7675, 0.7307, 0.8073] | 658s
21:05:11 round 10 | weighted val AUC 0.77074 | per-client [0.8052, 0.7661, 0.7657, 0.7391, 0.8074] | 726s
21:06:21 round 11 | weighted val AUC 0.76826 | per-client [0.8036, 0.7625, 0.7683, 0.7364, 0.8113] | 796s
21:06:21 FedAvg early stopping (best round 5)
21:06:29 fedavg TEST pooled: AUC 0.7704 | PR-AUC 0.2579 | F1 0.5731 | client-avg AUC 0.7708 | worst 0.7613
