C:\Users\huynh\AppData\Local\Programs\Python\Python312\Lib\site-packages\torch\cuda\__init__.py:56: FutureWarning: The pynvml package is deprecated. Please install nvidia-ml-py instead. If you did not install pynvml directly, please report this to the maintainers of the package that installed pynvml for you.
  import pynvml  # type: ignore[import]
13:42:37 Scenario: region_territory_a0.5
13:42:38 client 0: train/val/test = 24443/5101/5261
13:42:39 client 1: train/val/test = 18050/4025/3785
13:42:39 client 2: train/val/test = 6875/1539/1452
13:42:42 client 3: train/val/test = 63733/13700/13726
13:42:46 client 4: train/val/test = 102156/21762/21903
13:42:46 === ditto ===
C:\Users\huynh\AppData\Local\Programs\Python\Python312\Lib\site-packages\torch_geometric\nn\conv\hetero_conv.py:76: UserWarning: There exist node types ({'bureau', 'prev'}) whose representations do not get updated during message passing as they do not occur as destination type in any edge type. This may lead to unexpected behavior.
  warnings.warn(
13:44:57 ditto round  1 | weighted val AUC 0.72368 | per-client [0.697, 0.6833, 0.5497, 0.7327, 0.744] | 131s
13:47:08 ditto round  2 | weighted val AUC 0.75224 | per-client [0.7458, 0.7416, 0.7157, 0.7516, 0.7587] | 261s
13:49:19 ditto round  3 | weighted val AUC 0.76463 | per-client [0.7624, 0.7576, 0.7354, 0.761, 0.7708] | 393s
13:51:31 ditto round  4 | weighted val AUC 0.77119 | per-client [0.7686, 0.7645, 0.7451, 0.7659, 0.7782] | 525s
13:53:42 ditto round  5 | weighted val AUC 0.77408 | per-client [0.7707, 0.7668, 0.751, 0.7684, 0.7814] | 656s
13:55:53 ditto round  6 | weighted val AUC 0.77658 | per-client [0.7711, 0.7701, 0.7557, 0.7719, 0.7835] | 787s
13:58:16 ditto round  7 | weighted val AUC 0.77758 | per-client [0.775, 0.7705, 0.7587, 0.7726, 0.784] | 929s
14:26:59 ditto round  8 | weighted val AUC 0.77837 | per-client [0.7738, 0.7695, 0.7626, 0.7733, 0.7854] | 2652s
14:29:01 ditto round  9 | weighted val AUC 0.78002 | per-client [0.7758, 0.775, 0.7648, 0.7754, 0.7859] | 2775s
14:30:36 ditto round 10 | weighted val AUC 0.78030 | per-client [0.7737, 0.7718, 0.7691, 0.7756, 0.7872] | 2870s
14:32:10 ditto round 11 | weighted val AUC 0.78095 | per-client [0.7764, 0.7747, 0.7707, 0.7771, 0.7863] | 2963s
14:33:46 ditto round 12 | weighted val AUC 0.78221 | per-client [0.7748, 0.775, 0.7726, 0.78, 0.7874] | 3060s
14:35:30 ditto round 13 | weighted val AUC 0.78239 | per-client [0.7732, 0.7775, 0.7749, 0.7784, 0.7885] | 3164s
14:37:41 ditto round 14 | weighted val AUC 0.78323 | per-client [0.7778, 0.7772, 0.7743, 0.7788, 0.789] | 3295s
14:39:49 ditto round 15 | weighted val AUC 0.78403 | per-client [0.7789, 0.7773, 0.7742, 0.7787, 0.7905] | 3423s
14:42:01 ditto round 16 | weighted val AUC 0.78192 | per-client [0.7792, 0.7766, 0.7779, 0.7775, 0.7866] | 3555s
14:43:59 ditto round 17 | weighted val AUC 0.78193 | per-client [0.7796, 0.7771, 0.7717, 0.7782, 0.7864] | 3673s
14:46:52 ditto round 18 | weighted val AUC 0.78254 | per-client [0.7777, 0.7807, 0.775, 0.7797, 0.7863] | 3846s
15:03:48 ditto round 19 | weighted val AUC 0.78068 | per-client [0.7768, 0.778, 0.779, 0.7764, 0.7849] | 4862s
15:06:18 ditto round 20 | weighted val AUC 0.78235 | per-client [0.7804, 0.7808, 0.7779, 0.7765, 0.7871] | 5012s
15:08:43 ditto round 21 | weighted val AUC 0.78298 | per-client [0.7757, 0.7836, 0.7802, 0.78, 0.7867] | 5157s
15:08:43 ditto early stopping (best round 15)
15:08:52 ditto TEST pooled: AUC 0.7817 | PR-AUC 0.2725 | F1 0.3311 | client-avg AUC 0.7821 | worst 0.7747
